// Jest Snapshot v1, https://goo.gl/fbAQLP

exports[`renders without crashing 1`] = `
<div
  className="header"
>
  <div
    className="logo-container"
  >
    <img
      alt="logo"
      src="./logo.png"
    />
  </div>
  <div
    className="search-bar-container"
  >
    <SearchBar />
  </div>
</div>
`;
