// Jest Snapshot v1, https://goo.gl/fbAQLP

exports[`renders without crashing 1`] = `
<div
  className="genre-item"
>
  <Checkbox
    checked={true}
    label="Action"
    onCheck={[Function]}
  />
</div>
`;
