// Jest Snapshot v1, https://goo.gl/fbAQLP

exports[`renders correctly 1`] = `
<div
  className="search-bar"
>
  <i
    className="fa fa-search"
  />
  <input
    onChange={[Function]}
    placeholder="Filter by name"
    type="text"
  />
</div>
`;
